2003-11-11 16:11:13,064 ERROR org.apache.commons.jelly.tags.ant.AntTag - Class org.apache.commons.jelly.tags.core.IfTag doesn't support the nested "available" element.
2003-11-11 16:11:13,096 ERROR org.apache.commons.jelly.tags.ant.AntTag - Class org.apache.commons.jelly.tags.core.IfTag doesn't support the nested "available" element.
2003-11-11 16:11:13,099 ERROR org.apache.commons.jelly.tags.ant.AntTag - Class com.werken.werkz.jelly.ProjectTag doesn't support the nested "path" element.
2003-11-11 16:11:13,201 ERROR org.apache.commons.jelly.tags.ant.AntTag - Class org.apache.commons.jelly.tags.core.IfTag doesn't support the nested "path" element.
2003-11-11 16:11:13,219 ERROR org.apache.commons.jelly.tags.ant.AntTag - Class org.apache.commons.jelly.tags.core.IfTag doesn't support the nested "path" element.
2003-11-11 16:11:13,257 INFO  org.apache.maven.verifier.DependencyVerifier - Attempting to download neuclear-commons-0.4-SNAPSHOT.jar.
2003-11-11 16:11:14,730 ERROR org.apache.commons.jelly.tags.ant.AntTag - Class com.werken.werkz.jelly.ProjectTag doesn't support the nested "path" element.
2003-11-11 16:11:14,740 ERROR org.apache.commons.jelly.tags.ant.AntTag - Class org.apache.commons.jelly.tags.core.IfTag doesn't support the nested "path" element.
2003-11-11 16:11:14,743 ERROR org.apache.commons.jelly.tags.ant.AntTag - Class org.apache.commons.jelly.tags.core.IfTag doesn't support the nested "path" element.
2003-11-11 16:11:15,456 ERROR org.apache.commons.jelly.tags.ant.AntTag - Class com.werken.werkz.jelly.ProjectTag doesn't support the nested "path" element.
2003-11-11 16:11:15,459 ERROR org.apache.commons.jelly.tags.ant.AntTag - Class org.apache.commons.jelly.tags.core.IfTag doesn't support the nested "path" element.
2003-11-11 16:11:15,465 ERROR org.apache.commons.jelly.tags.ant.AntTag - Class org.apache.commons.jelly.tags.core.IfTag doesn't support the nested "path" element.
2003-11-11 16:11:15,872 ERROR org.apache.commons.jelly.tags.ant.AntTag - Class com.werken.werkz.jelly.ProjectTag doesn't support the nested "path" element.
2003-11-11 16:11:15,874 ERROR org.apache.commons.jelly.tags.ant.AntTag - Class org.apache.commons.jelly.tags.core.IfTag doesn't support the nested "path" element.
2003-11-11 16:11:15,877 ERROR org.apache.commons.jelly.tags.ant.AntTag - Class org.apache.commons.jelly.tags.core.IfTag doesn't support the nested "path" element.
2003-11-11 16:11:16,497 ERROR org.apache.commons.jelly.tags.ant.AntTag - Class com.werken.werkz.jelly.ProjectTag doesn't support the nested "path" element.
2003-11-11 16:11:16,500 ERROR org.apache.commons.jelly.tags.ant.AntTag - Class org.apache.commons.jelly.tags.core.IfTag doesn't support the nested "path" element.
2003-11-11 16:11:16,502 ERROR org.apache.commons.jelly.tags.ant.AntTag - Class org.apache.commons.jelly.tags.core.IfTag doesn't support the nested "path" element.
2003-11-11 16:11:16,726 ERROR org.apache.commons.jelly.tags.ant.AntTag - Class com.werken.werkz.jelly.ProjectTag doesn't support the nested "path" element.
2003-11-11 16:11:16,744 ERROR org.apache.commons.jelly.tags.ant.AntTag - Class org.apache.commons.jelly.tags.core.IfTag doesn't support the nested "path" element.
2003-11-11 16:11:16,746 ERROR org.apache.commons.jelly.tags.ant.AntTag - Class org.apache.commons.jelly.tags.core.IfTag doesn't support the nested "path" element.
2003-11-11 16:11:16,924 ERROR org.apache.commons.jelly.tags.ant.AntTag - Class com.werken.werkz.jelly.ProjectTag doesn't support the nested "path" element.
2003-11-11 16:11:16,926 ERROR org.apache.commons.jelly.tags.ant.AntTag - Class org.apache.commons.jelly.tags.core.IfTag doesn't support the nested "path" element.
2003-11-11 16:11:16,929 ERROR org.apache.commons.jelly.tags.ant.AntTag - Class org.apache.commons.jelly.tags.core.IfTag doesn't support the nested "path" element.
2003-11-11 16:11:17,134 ERROR org.apache.commons.jelly.tags.ant.AntTag - Class com.werken.werkz.jelly.ProjectTag doesn't support the nested "path" element.
2003-11-11 16:11:17,136 ERROR org.apache.commons.jelly.tags.ant.AntTag - Class org.apache.commons.jelly.tags.core.IfTag doesn't support the nested "path" element.
2003-11-11 16:11:17,142 ERROR org.apache.commons.jelly.tags.ant.AntTag - Class org.apache.commons.jelly.tags.core.IfTag doesn't support the nested "path" element.
2003-11-11 16:11:17,649 ERROR org.apache.commons.jelly.tags.ant.AntTag - Class com.werken.werkz.jelly.ProjectTag doesn't support the nested "path" element.
2003-11-11 16:11:17,651 ERROR org.apache.commons.jelly.tags.ant.AntTag - Class org.apache.commons.jelly.tags.core.IfTag doesn't support the nested "path" element.
2003-11-11 16:11:17,653 ERROR org.apache.commons.jelly.tags.ant.AntTag - Class org.apache.commons.jelly.tags.core.IfTag doesn't support the nested "path" element.
2003-11-11 16:11:17,884 ERROR org.apache.commons.jelly.tags.ant.AntTag - Class com.werken.werkz.jelly.ProjectTag doesn't support the nested "path" element.
2003-11-11 16:11:17,886 ERROR org.apache.commons.jelly.tags.ant.AntTag - Class org.apache.commons.jelly.tags.core.IfTag doesn't support the nested "path" element.
2003-11-11 16:11:17,888 ERROR org.apache.commons.jelly.tags.ant.AntTag - Class org.apache.commons.jelly.tags.core.IfTag doesn't support the nested "path" element.
2003-11-11 16:11:17,984 ERROR org.apache.commons.jelly.tags.ant.AntTag - Class com.werken.werkz.jelly.ProjectTag doesn't support the nested "path" element.
2003-11-11 16:11:18,146 ERROR org.apache.commons.jelly.tags.ant.AntTag - Class com.werken.werkz.jelly.ProjectTag doesn't support the nested "path" element.
2003-11-11 16:11:18,148 ERROR org.apache.commons.jelly.tags.ant.AntTag - Class org.apache.commons.jelly.tags.core.IfTag doesn't support the nested "path" element.
2003-11-11 16:11:18,151 ERROR org.apache.commons.jelly.tags.ant.AntTag - Class org.apache.commons.jelly.tags.core.IfTag doesn't support the nested "path" element.
2003-11-11 16:11:18,384 ERROR org.apache.commons.jelly.tags.ant.AntTag - Class com.werken.werkz.jelly.ProjectTag doesn't support the nested "path" element.
2003-11-11 16:11:18,386 ERROR org.apache.commons.jelly.tags.ant.AntTag - Class org.apache.commons.jelly.tags.core.IfTag doesn't support the nested "path" element.
2003-11-11 16:11:18,388 ERROR org.apache.commons.jelly.tags.ant.AntTag - Class org.apache.commons.jelly.tags.core.IfTag doesn't support the nested "path" element.
2003-11-11 16:11:18,562 ERROR org.apache.commons.jelly.tags.ant.AntTag - Class com.werken.werkz.jelly.ProjectTag doesn't support the nested "path" element.
2003-11-11 16:11:18,565 ERROR org.apache.commons.jelly.tags.ant.AntTag - Class org.apache.commons.jelly.tags.core.IfTag doesn't support the nested "path" element.
2003-11-11 16:11:18,567 ERROR org.apache.commons.jelly.tags.ant.AntTag - Class org.apache.commons.jelly.tags.core.IfTag doesn't support the nested "path" element.
2003-11-11 16:11:18,593 ERROR org.apache.commons.jelly.tags.ant.AntTag - Class com.werken.werkz.jelly.ProjectTag doesn't support the nested "path" element.
2003-11-11 16:11:18,604 ERROR org.apache.commons.jelly.tags.ant.AntTag - Class com.werken.werkz.jelly.GoalTag doesn't support the nested "mkdir" element.
2003-11-11 16:11:18,612 ERROR org.apache.commons.jelly.tags.ant.AntTag - Class com.werken.werkz.jelly.GoalTag doesn't support the nested "echo" element.
2003-11-11 16:11:18,794 ERROR org.apache.commons.jelly.tags.ant.AntTag - Class org.apache.commons.jelly.tags.core.WhenTag doesn't support the nested "javac" element.
2003-11-11 16:11:21,011 ERROR org.apache.commons.jelly.tags.ant.AntTag - Class com.werken.werkz.jelly.GoalTag doesn't support the nested "mkdir" element.
2003-11-11 16:11:21,015 ERROR org.apache.commons.jelly.tags.ant.AntTag - Class com.werken.werkz.jelly.GoalTag doesn't support the nested "mkdir" element.
2003-11-11 16:11:21,035 ERROR org.apache.commons.jelly.tags.ant.AntTag - Class org.apache.commons.jelly.tags.core.IfTag doesn't support the nested "javac" element.
2003-11-11 16:11:21,091 ERROR org.apache.commons.jelly.tags.ant.AntTag - Class org.apache.commons.jelly.tags.core.IfTag doesn't support the nested "taskdef" element.
2003-11-11 16:11:21,119 ERROR org.apache.commons.jelly.tags.ant.AntTag - Class org.apache.commons.jelly.tags.core.IfTag doesn't support the nested "junit" element.
2003-11-11 16:11:33,789 ERROR org.apache.commons.jelly.tags.ant.AntTag - Class com.werken.werkz.jelly.GoalTag doesn't support the nested "available" element.
2003-11-11 16:11:33,792 ERROR org.apache.commons.jelly.tags.ant.AntTag - Class com.werken.werkz.jelly.GoalTag doesn't support the nested "jar" element.
2003-11-11 16:11:34,320 ERROR org.apache.commons.jelly.tags.ant.AntTag - Class com.werken.werkz.jelly.GoalTag doesn't support the nested "echo" element.
2003-11-11 16:11:34,340 ERROR org.apache.commons.jelly.tags.ant.AntTag - Class com.werken.werkz.jelly.GoalTag doesn't support the nested "property" element.
2003-11-11 16:11:34,343 ERROR org.apache.commons.jelly.tags.ant.AntTag - Class com.werken.werkz.jelly.GoalTag doesn't support the nested "mkdir" element.
2003-11-11 16:11:34,345 ERROR org.apache.commons.jelly.tags.ant.AntTag - Class com.werken.werkz.jelly.GoalTag doesn't support the nested "copy" element.
2003-11-11 16:11:34,356 INFO  org.apache.maven.cli.App - Total time: 29 seconds
2003-11-11 16:11:34,361 INFO  org.apache.maven.cli.App - Finished at: Tue Nov 11 16:11:34 EST 2003
2003-11-11 16:11:34,362 INFO  org.apache.maven.cli.App - 
